[17:29:01] [ServerMain/INFO]: [bootstrap] Running Java 21 (OpenJDK 64-Bit Server VM 21.0.9+10-LTS; Eclipse Adoptium Temurin-21.0.9+10) on Linux 6.11.0-1018-azure (amd64)
[17:29:01] [ServerMain/INFO]: [bootstrap] Loading Paper 1.21.8-60-main@29c8822 (2025-09-06T21:49:13Z) for Minecraft 1.21.8
[17:29:01] [ServerMain/INFO]: [PluginInitializerManager] Initializing plugins...
[17:29:02] [ServerMain/INFO]: [PluginInitializerManager] Initialized 8 plugins
[17:29:02] [ServerMain/INFO]: [PluginInitializerManager] Bukkit plugins (8):
 - DummyPlayers (1.0), KeepChunks (1.7.3), Multiverse-Core (5.3.0), Multiverse-Inventories (5.1.3), NotTooExpensive (1.3.4), PlayerViewDistanceController (2.3.3), ScheduledStop (1.0.0), playit-gg (0.1.4)
[17:29:06] [ServerMain/INFO]: Environment: Environment[sessionHost=https://sessionserver.mojang.com, servicesHost=https://api.minecraftservices.com, name=PROD]
[17:29:08] [ServerMain/INFO]: Loaded 1407 recipes
[17:29:08] [ServerMain/INFO]: Loaded 1520 advancements
[17:29:08] [ServerMain/INFO]: [ca.spottedleaf.dataconverter.minecraft.datatypes.MCTypeRegistry] Initialising converters for DataConverter...
[17:29:09] [ServerMain/INFO]: [ca.spottedleaf.dataconverter.minecraft.datatypes.MCTypeRegistry] Finished initialising converters for DataConverter in 353.6ms
[17:29:09] [Server thread/INFO]: Starting minecraft server version 1.21.8
[17:29:09] [Server thread/INFO]: Loading properties
[17:29:09] [Server thread/INFO]: This server is running Paper version 1.21.8-60-main@29c8822 (2025-09-06T21:49:13Z) (Implementing API version 1.21.8-R0.1-SNAPSHOT)
[17:29:10] [Server thread/INFO]: [spark] This server bundles the spark profiler. For more information please visit https://docs.papermc.io/paper/profiling
[17:29:10] [Server thread/INFO]: Server Ping Player Sample Count: 12
[17:29:10] [Server thread/INFO]: Using 4 threads for Netty based IO
[17:29:10] [Server thread/INFO]: [MoonriseCommon] Paper is using 1 worker threads, 1 I/O threads
[17:29:10] [Server thread/INFO]: [ChunkTaskScheduler] Chunk system is using population gen parallelism: true
[17:29:11] [Server thread/INFO]: Default game type: ADVENTURE
[17:29:11] [Server thread/INFO]: Generating keypair
[17:29:11] [Server thread/INFO]: Starting Minecraft server on *:25565
[17:29:11] [Server thread/INFO]: Using epoll channel type
[17:29:11] [Server thread/INFO]: Paper: Using libdeflate (Linux x86_64) compression from Velocity.
[17:29:11] [Server thread/INFO]: Paper: Using OpenSSL 3.x.x (Linux x86_64) cipher from Velocity.
[17:29:11] [Server thread/INFO]: [CoreLogging] Loading server plugin Multiverse-Core v5.3.0
[17:29:11] [Server thread/INFO]: [KeepChunks] Loading server plugin KeepChunks v1.7.3
[17:29:11] [Server thread/INFO]: [NotTooExpensive] Loading server plugin NotTooExpensive v1.3.4
[17:29:11] [Server thread/INFO]: [ScheduledStop] Loading server plugin ScheduledStop v1.0.0
[17:29:11] [Server thread/INFO]: [PVDC] Loading server plugin PlayerViewDistanceController v2.3.3
[17:29:11] [Server thread/INFO]: [playit-gg] Loading server plugin playit-gg v0.1.4
[17:29:11] [Server thread/INFO]: [DummyPlayers] Loading server plugin DummyPlayers v1.0
[17:29:11] [Server thread/INFO]: [Multiverse-Inventories] Loading server plugin Multiverse-Inventories v5.1.3
[17:29:11] [Server thread/INFO]: Server permissions file permissions.yml is empty, ignoring it
[17:29:11] [Server thread/INFO]: Preparing level "WeltMitKurosh"
[17:29:12] [Server thread/INFO]: Preparing start region for dimension minecraft:overworld
[17:29:12] [Server thread/INFO]: Preparing spawn area: 0%
[17:29:13] [Server thread/INFO]: Preparing spawn area: 22%
[17:29:13] [Server thread/INFO]: Time elapsed: 901 ms
[17:29:13] [Server thread/INFO]: Preparing start region for dimension minecraft:the_nether
[17:29:13] [Server thread/INFO]: Preparing spawn area: 0%
[17:29:13] [Server thread/INFO]: Time elapsed: 406 ms
[17:29:13] [Server thread/INFO]: Preparing start region for dimension minecraft:the_end
[17:29:13] [Server thread/INFO]: Preparing spawn area: 0%
[17:29:13] [Server thread/INFO]: Time elapsed: 148 ms
[17:29:13] [Server thread/INFO]: [Multiverse-Core] Enabling Multiverse-Core v5.3.0
[17:29:15] [Server thread/INFO]: [Multiverse-Core] API service loaded!
[17:29:15] [Server thread/INFO]: [Multiverse-Core] Version 5.3.0 (API v5.3) Enabled - By dumptruckman, Rigby, fernferret, lithium3141, main--, benwoo1110 and Zax71
[17:29:15] [Server thread/INFO]: [Multiverse-Core] Loving Multiverse-Core? Please consider supporting the project with a small donation: https://github.com/sponsors/Multiverse
[17:29:15] [Server thread/INFO]: [KeepChunks] Enabling KeepChunks v1.7.3
[17:29:15] [Server thread/INFO]: [KeepChunks] [KeepChunks] World 'Survival' doesn't exist, or isn't loaded in memory.
[17:29:15] [Server thread/INFO]: [KeepChunks] [KeepChunks] World 'Survival' doesn't exist, or isn't loaded in memory.
[17:29:15] [Server thread/INFO]: [KeepChunks] [KeepChunks] World 'Survival' doesn't exist, or isn't loaded in memory.
[17:29:15] [Server thread/INFO]: [KeepChunks] [KeepChunks] World 'Survival' doesn't exist, or isn't loaded in memory.
[17:29:15] [Server thread/INFO]: [KeepChunks] [KeepChunks] World 'Survival' doesn't exist, or isn't loaded in memory.
[17:29:15] [Server thread/INFO]: [KeepChunks] [KeepChunks] World 'Survival' doesn't exist, or isn't loaded in memory.
[17:29:15] [Server thread/INFO]: [KeepChunks] [KeepChunks] World 'Survival' doesn't exist, or isn't loaded in memory.
[17:29:15] [Server thread/INFO]: [KeepChunks] [KeepChunks] World 'Survival' doesn't exist, or isn't loaded in memory.
[17:29:15] [Server thread/INFO]: [KeepChunks] [KeepChunks] World 'Survival' doesn't exist, or isn't loaded in memory.
[17:29:15] [Server thread/INFO]: [KeepChunks] [KeepChunks] World 'Survival' doesn't exist, or isn't loaded in memory.
[17:29:15] [Server thread/INFO]: [KeepChunks] [KeepChunks] World 'Survival' doesn't exist, or isn't loaded in memory.
[17:29:15] [Server thread/INFO]: [KeepChunks] [KeepChunks] World 'Survival' doesn't exist, or isn't loaded in memory.
[17:29:15] [Server thread/INFO]: [KeepChunks] [KeepChunks] World 'Survival' doesn't exist, or isn't loaded in memory.
[17:29:15] [Server thread/INFO]: [KeepChunks] [KeepChunks] World 'Survival' doesn't exist, or isn't loaded in memory.
[17:29:15] [Server thread/INFO]: [KeepChunks] [KeepChunks] World 'Survival' doesn't exist, or isn't loaded in memory.
[17:29:15] [Server thread/INFO]: [KeepChunks] [KeepChunks] World 'Survival' doesn't exist, or isn't loaded in memory.
[17:29:15] [Server thread/INFO]: [KeepChunks] [KeepChunks] World 'Survival' doesn't exist, or isn't loaded in memory.
[17:29:15] [Server thread/INFO]: [KeepChunks] [KeepChunks] World 'Survival' doesn't exist, or isn't loaded in memory.
[17:29:15] [Server thread/INFO]: [KeepChunks] [KeepChunks] World 'Survival' doesn't exist, or isn't loaded in memory.
[17:29:15] [Server thread/INFO]: [KeepChunks] [KeepChunks] World 'Survival' doesn't exist, or isn't loaded in memory.
[17:29:15] [Server thread/INFO]: [KeepChunks] [KeepChunks] World 'Survival' doesn't exist, or isn't loaded in memory.
[17:29:15] [Server thread/INFO]: [KeepChunks] [KeepChunks] World 'Survival' doesn't exist, or isn't loaded in memory.
[17:29:15] [Server thread/INFO]: [KeepChunks] [KeepChunks] World 'Survival' doesn't exist, or isn't loaded in memory.
[17:29:15] [Server thread/INFO]: [KeepChunks] [KeepChunks] World 'Survival' doesn't exist, or isn't loaded in memory.
[17:29:15] [Server thread/INFO]: [KeepChunks] [KeepChunks] World 'Survival' doesn't exist, or isn't loaded in memory.
[17:29:15] [Server thread/INFO]: [KeepChunks] [KeepChunks] World 'Survival' doesn't exist, or isn't loaded in memory.
[17:29:15] [Server thread/INFO]: [KeepChunks] [KeepChunks] World 'Survival' doesn't exist, or isn't loaded in memory.
[17:29:15] [Server thread/INFO]: [KeepChunks] [KeepChunks] World 'Survival' doesn't exist, or isn't loaded in memory.
[17:29:15] [Server thread/INFO]: [KeepChunks] [KeepChunks] World 'Survival' doesn't exist, or isn't loaded in memory.
[17:29:15] [Server thread/INFO]: [KeepChunks] [KeepChunks] World 'Survival' doesn't exist, or isn't loaded in memory.
[17:29:15] [Server thread/INFO]: [KeepChunks] [KeepChunks] World 'Survival' doesn't exist, or isn't loaded in memory.
[17:29:15] [Server thread/INFO]: [KeepChunks] [KeepChunks] World 'Survival' doesn't exist, or isn't loaded in memory.
[17:29:15] [Server thread/INFO]: [KeepChunks] [KeepChunks] World 'Survival' doesn't exist, or isn't loaded in memory.
[17:29:15] [Server thread/INFO]: [KeepChunks] [KeepChunks] World 'Survival' doesn't exist, or isn't loaded in memory.
[17:29:15] [Server thread/INFO]: [KeepChunks] [KeepChunks] World 'Survival' doesn't exist, or isn't loaded in memory.
[17:29:15] [Server thread/INFO]: [KeepChunks] [KeepChunks] World 'Survival' doesn't exist, or isn't loaded in memory.
[17:29:15] [Server thread/INFO]: [KeepChunks] [KeepChunks] World 'Survival' doesn't exist, or isn't loaded in memory.
[17:29:15] [Server thread/INFO]: [KeepChunks] [KeepChunks] World 'Survival' doesn't exist, or isn't loaded in memory.
[17:29:15] [Server thread/INFO]: [KeepChunks] [KeepChunks] World 'Survival' doesn't exist, or isn't loaded in memory.
[17:29:15] [Server thread/INFO]: [KeepChunks] [KeepChunks] World 'Survival' doesn't exist, or isn't loaded in memory.
[17:29:15] [Server thread/INFO]: [KeepChunks] [KeepChunks] World 'Survival' doesn't exist, or isn't loaded in memory.
[17:29:15] [Server thread/INFO]: [KeepChunks] [KeepChunks] World 'Survival' doesn't exist, or isn't loaded in memory.
[17:29:15] [Server thread/INFO]: 
[17:29:15] [Server thread/INFO]:  _     _                   _______ _                 _          
[17:29:15] [Server thread/INFO]: (_)   | |                 (_______) |               | |  v1.7.3
[17:29:15] [Server thread/INFO]:  _____| |_____ _____ ____  _      | |__  _   _ ____ | |  _  ___ 
[17:29:15] [Server thread/INFO]: |  _   _) ___ | ___ |  _ \| |     |  _ \| | | |  _ \| |_/ )/___)
[17:29:15] [Server thread/INFO]: | |  \ \| ____| ____| |_| | |_____| | | | |_| | | | |  _ (|___ |
[17:29:15] [Server thread/INFO]: |_|   \_)_____)_____)  __/ \______)_| |_|____/|_| |_|_| \_|___/ 
[17:29:15] [Server thread/INFO]:                     |_|                                         
[17:29:15] [Server thread/INFO]: 
[17:29:15] [Server thread/INFO]: [KeepChunks] KeepChunks v1.7.3 has been enabled
[17:29:15] [Server thread/INFO]: [NotTooExpensive] Enabling NotTooExpensive v1.3.4
[17:29:15] [Server thread/INFO]: [ScheduledStop] Enabling ScheduledStop v1.0.0
[17:29:15] [Server thread/INFO]: [ScheduledStop] ShutdownTimer aktiviert.
[17:29:15] [Server thread/INFO]: [PVDC] Enabling PlayerViewDistanceController v2.3.3
[17:29:15] [Server thread/INFO]: [PVDC] Plugin started!
[17:29:15] [Server thread/WARN]: [PVDC] LuckPerms is not running on this server: it is optional, but recommended!
[17:29:15] [Server thread/WARN]: [PVDC] Ping mode disabled
[17:29:15] [Update Check Thread/INFO]: [PVDC] Checking for updates...
[17:29:15] [Server thread/WARN]: [PVDC] Dynamic mode enabled
[17:29:15] [Server thread/INFO]: [playit-gg] Enabling playit-gg v0.1.4
[17:29:15] [Update Check Thread/WARN]: [PVDC] Unable to check for updates! HTTP response code: 404
[17:29:15] [Thread-5/INFO]: [gg.playit.minecraft.PlayitKeysSetup] secret key found, checking
[17:29:15] [Thread-5/INFO]: [gg.playit.minecraft.PlayitKeysSetup] check secret
[17:29:15] [Server thread/INFO]: [DummyPlayers] Enabling DummyPlayers v1.0
[17:29:15] [Server thread/INFO]: [DummyPlayers] DummyPlayers v1.0 enabled!
[17:29:15] [Server thread/INFO]: [Multiverse-Inventories] Enabling Multiverse-Inventories v5.1.3
[17:29:15] [Server thread/INFO]: [Multiverse-Inventories] The following worlds for group 'default' are not loaded: survival_nether, survival, survival_the_end
[17:29:16] [Server thread/INFO]: [Multiverse-Inventories] Loading player names map...
[17:29:16] [Thread-5/INFO]: [gg.playit.minecraft.PlayitKeysSetup] found minecraft java tunnel: offers-lauderdale.gl.joinmc.link
[17:29:16] [Thread-5/INFO]: [gg.playit.minecraft.PlayitManager] keys and tunnel setup
[17:29:16] [Server thread/INFO]: [Multiverse-Inventories] Version 5.1.3 (API v5.1) Enabled - By dumptruckman and benwoo1110
[17:29:16] [Thread-5/WARN]: [gg.playit.control.ChannelSetup] Got IO error working with :control.playit.gg/2602:fbaf:82c:10:0:0:0:1, error : java.net.SocketException: Network is unreachable
[17:29:17] [Server thread/INFO]: [spark] Starting background profiler...
[17:29:17] [Thread-5/INFO]: [gg.playit.control.ChannelSetup] request queued, waiting 1 second before resend
[17:29:17] [Server thread/INFO]: Done preparing level "WeltMitKurosh" (5.712s)
[17:29:17] [Server thread/INFO]: Running delayed init tasks
[17:29:17] [Server thread/INFO]: Checking for conflicts in groups...
[17:29:17] [Server thread/INFO]: No group conflicts found!
[17:29:17] [Server thread/INFO]: Done (19.171s)! For help, type "help"
